../Inc/M7/mpu.cpp:4:6:void mpu_select_region(uint8_t)	16	static
../Inc/M7/mpu.cpp:14:6:void mpu_set_region_baseAddr(uint32_t)	24	static
../Inc/M7/mpu.cpp:20:6:void mpu_set_region_size(mpu_region_size)	16	static
../Inc/M7/mpu.cpp:26:6:void mpu_set_region_mem_type(mpu_memory_type)	16	static
../Inc/M7/mpu.cpp:32:6:void mpu_set_region_shareable(bool)	16	static
../Inc/M7/mpu.cpp:37:6:void mpu_enable_region()	4	static
../Inc/M7/mpu.cpp:41:6:void mpu_disable_region()	4	static
../Inc/M7/mpu.cpp:44:6:void mpu_neverExecRegion()	4	static
../Inc/M7/mpu.cpp:47:6:void mpu_allowExecRegion()	4	static
../Inc/M7/mpu.cpp:50:6:void mpu_set_subregion_field(uint8_t)	16	static
../Inc/M7/mpu.cpp:53:6:void mpu_set_AP(mpu_AP)	16	static
../Inc/M7/mpu.cpp:58:6:void mpu_configure_region(MPURegionSettings)	24	static
../Inc/M7/mpu.cpp:70:6:void mpu_set_controls(MPUSettings_CTRL)	16	static
../Inc/M7/mpu.cpp:81:12:MPUSupport mpu_support_info()	16	static
../Inc/M7/mpu.cpp:89:6:void mpu_enable()	4	static
../Inc/M7/mpu.cpp:92:6:void mpu_disable()	4	static
