../Inc/Peripherals/adc.cpp:17:6:void adc_clearFlag(ADCStruct*, adc_flag)	16	static
../Inc/Peripherals/adc.cpp:21:6:bool adc_readClearFlag(ADCStruct*, adc_flag)	16	static
../Inc/Peripherals/adc.cpp:25:6:void adc_wake(ADCStruct*)	16	static
../Inc/Peripherals/adc.cpp:31:6:void adc_calibrate(ADCStruct*, adc_calibrate_input_mode, bool)	16	static
../Inc/Peripherals/adc.cpp:44:6:void adc_set_boost(ADCStruct*, adc_boost_mode)	16	static
../Inc/Peripherals/adc.cpp:48:6:void adc_enable(ADCStruct*)	16	static
../Inc/Peripherals/adc.cpp:54:6:void adc_disable(ADCStruct*)	16	static
../Inc/Peripherals/adc.cpp:59:6:void adc_start(ADCStruct*)	16	static
../Inc/Peripherals/adc.cpp:62:6:void adc_stop(ADCStruct*)	16	static
../Inc/Peripherals/adc.cpp:66:6:void adc_set_configurations1(ADCStruct*, ADCSettingsCFGR)	24	static
../Inc/Peripherals/adc.cpp:74:6:void adc_set_configurations2(ADCStruct*, ADCSettingsCFGR2)	32	static
../Inc/Peripherals/adc.cpp:84:6:void adc_set_seqLen(ADCStruct*, uint8_t)	16	static
../Inc/Peripherals/adc.cpp:97:6:void adc_set_chSampleTime(ADCStruct*, uint8_t, uint8_t)	32	static
../Inc/Peripherals/adc.cpp:113:6:void adc_preselectCh(ADCStruct*, uint8_t)	16	static
../Inc/Peripherals/adc.cpp:117:6:void adc_set_regSeq(ADCStruct*, uint8_t, uint8_t)	32	static
../Inc/Peripherals/adc.cpp:139:10:uint32_t adc_read(ADCStruct*)	16	static
../Inc/Peripherals/adc.cpp:153:6:void adcCom_set_ckmode(ADCCommonStruct*, adcCom_ckmode_types)	16	static
