Archive member included to satisfy reference by file (symbol)

F:/CodingIDEs/STM32CubeIDE/plugins/com.st.stm32cube.ide.mcu.externaltools.gnu-tools-for-stm32.13.3.rel1.win32_1.0.0.202411081344/tools/bin/../lib/gcc/arm-none-eabi/13.3.1/../../../../arm-none-eabi/lib/thumb/v7e-m+dp/hard\libc_nano.a(libc_a-exit.o)
                              F:/CodingIDEs/STM32CubeIDE/plugins/com.st.stm32cube.ide.mcu.externaltools.gnu-tools-for-stm32.13.3.rel1.win32_1.0.0.202411081344/tools/bin/../lib/gcc/arm-none-eabi/13.3.1/../../../../arm-none-eabi/lib/thumb/v7e-m+dp/hard/crt0.o (exit)
F:/CodingIDEs/STM32CubeIDE/plugins/com.st.stm32cube.ide.mcu.externaltools.gnu-tools-for-stm32.13.3.rel1.win32_1.0.0.202411081344/tools/bin/../lib/gcc/arm-none-eabi/13.3.1/../../../../arm-none-eabi/lib/thumb/v7e-m+dp/hard\libc_nano.a(libc_a-findfp.o)
                              F:/CodingIDEs/STM32CubeIDE/plugins/com.st.stm32cube.ide.mcu.externaltools.gnu-tools-for-stm32.13.3.rel1.win32_1.0.0.202411081344/tools/bin/../lib/gcc/arm-none-eabi/13.3.1/../../../../arm-none-eabi/lib/thumb/v7e-m+dp/hard\libc_nano.a(libc_a-exit.o) (__stdio_exit_handler)
F:/CodingIDEs/STM32CubeIDE/plugins/com.st.stm32cube.ide.mcu.externaltools.gnu-tools-for-stm32.13.3.rel1.win32_1.0.0.202411081344/tools/bin/../lib/gcc/arm-none-eabi/13.3.1/../../../../arm-none-eabi/lib/thumb/v7e-m+dp/hard\libc_nano.a(libc_a-fwalk.o)
                              F:/CodingIDEs/STM32CubeIDE/plugins/com.st.stm32cube.ide.mcu.externaltools.gnu-tools-for-stm32.13.3.rel1.win32_1.0.0.202411081344/tools/bin/../lib/gcc/arm-none-eabi/13.3.1/../../../../arm-none-eabi/lib/thumb/v7e-m+dp/hard\libc_nano.a(libc_a-findfp.o) (_fwalk_sglue)
F:/CodingIDEs/STM32CubeIDE/plugins/com.st.stm32cube.ide.mcu.externaltools.gnu-tools-for-stm32.13.3.rel1.win32_1.0.0.202411081344/tools/bin/../lib/gcc/arm-none-eabi/13.3.1/../../../../arm-none-eabi/lib/thumb/v7e-m+dp/hard\libc_nano.a(libc_a-stdio.o)
                              F:/CodingIDEs/STM32CubeIDE/plugins/com.st.stm32cube.ide.mcu.externaltools.gnu-tools-for-stm32.13.3.rel1.win32_1.0.0.202411081344/tools/bin/../lib/gcc/arm-none-eabi/13.3.1/../../../../arm-none-eabi/lib/thumb/v7e-m+dp/hard\libc_nano.a(libc_a-findfp.o) (__sread)
F:/CodingIDEs/STM32CubeIDE/plugins/com.st.stm32cube.ide.mcu.externaltools.gnu-tools-for-stm32.13.3.rel1.win32_1.0.0.202411081344/tools/bin/../lib/gcc/arm-none-eabi/13.3.1/../../../../arm-none-eabi/lib/thumb/v7e-m+dp/hard\libc_nano.a(libc_a-memset.o)
                              F:/CodingIDEs/STM32CubeIDE/plugins/com.st.stm32cube.ide.mcu.externaltools.gnu-tools-for-stm32.13.3.rel1.win32_1.0.0.202411081344/tools/bin/../lib/gcc/arm-none-eabi/13.3.1/../../../../arm-none-eabi/lib/thumb/v7e-m+dp/hard/crt0.o (memset)
F:/CodingIDEs/STM32CubeIDE/plugins/com.st.stm32cube.ide.mcu.externaltools.gnu-tools-for-stm32.13.3.rel1.win32_1.0.0.202411081344/tools/bin/../lib/gcc/arm-none-eabi/13.3.1/../../../../arm-none-eabi/lib/thumb/v7e-m+dp/hard\libc_nano.a(libc_a-closer.o)
                              F:/CodingIDEs/STM32CubeIDE/plugins/com.st.stm32cube.ide.mcu.externaltools.gnu-tools-for-stm32.13.3.rel1.win32_1.0.0.202411081344/tools/bin/../lib/gcc/arm-none-eabi/13.3.1/../../../../arm-none-eabi/lib/thumb/v7e-m+dp/hard\libc_nano.a(libc_a-stdio.o) (_close_r)
F:/CodingIDEs/STM32CubeIDE/plugins/com.st.stm32cube.ide.mcu.externaltools.gnu-tools-for-stm32.13.3.rel1.win32_1.0.0.202411081344/tools/bin/../lib/gcc/arm-none-eabi/13.3.1/../../../../arm-none-eabi/lib/thumb/v7e-m+dp/hard\libc_nano.a(libc_a-reent.o)
                              F:/CodingIDEs/STM32CubeIDE/plugins/com.st.stm32cube.ide.mcu.externaltools.gnu-tools-for-stm32.13.3.rel1.win32_1.0.0.202411081344/tools/bin/../lib/gcc/arm-none-eabi/13.3.1/../../../../arm-none-eabi/lib/thumb/v7e-m+dp/hard\libc_nano.a(libc_a-closer.o) (errno)
F:/CodingIDEs/STM32CubeIDE/plugins/com.st.stm32cube.ide.mcu.externaltools.gnu-tools-for-stm32.13.3.rel1.win32_1.0.0.202411081344/tools/bin/../lib/gcc/arm-none-eabi/13.3.1/../../../../arm-none-eabi/lib/thumb/v7e-m+dp/hard\libc_nano.a(libc_a-impure.o)
                              F:/CodingIDEs/STM32CubeIDE/plugins/com.st.stm32cube.ide.mcu.externaltools.gnu-tools-for-stm32.13.3.rel1.win32_1.0.0.202411081344/tools/bin/../lib/gcc/arm-none-eabi/13.3.1/../../../../arm-none-eabi/lib/thumb/v7e-m+dp/hard\libc_nano.a(libc_a-reent.o) (_impure_ptr)
F:/CodingIDEs/STM32CubeIDE/plugins/com.st.stm32cube.ide.mcu.externaltools.gnu-tools-for-stm32.13.3.rel1.win32_1.0.0.202411081344/tools/bin/../lib/gcc/arm-none-eabi/13.3.1/../../../../arm-none-eabi/lib/thumb/v7e-m+dp/hard\libc_nano.a(libc_a-lseekr.o)
                              F:/CodingIDEs/STM32CubeIDE/plugins/com.st.stm32cube.ide.mcu.externaltools.gnu-tools-for-stm32.13.3.rel1.win32_1.0.0.202411081344/tools/bin/../lib/gcc/arm-none-eabi/13.3.1/../../../../arm-none-eabi/lib/thumb/v7e-m+dp/hard\libc_nano.a(libc_a-stdio.o) (_lseek_r)
[...]
Memory Configuration

Name             Origin             Length             Attributes
RAM_D1           0x24000000         0x00080000         xrw
FLASH            0x08000000         0x00100000         xr
DTCMRAM          0x20000000         0x00020000         xrw
RAM_D2           0x30000000         0x00048000         xrw
RAM_D3           0x38000000         0x00010000         xrw
ITCMRAM          0x00000000         0x00010000         xrw
*default*        0x00000000         0xffffffff

Linker script and memory map

LOAD F:/CodingIDEs/STM32CubeIDE/plugins/com.st.stm32cube.ide.mcu.externaltools.gnu-tools-for-stm32.13.3.rel1.win32_1.0.0.202411081344/tools/bin/../lib/gcc/arm-none-eabi/13.3.1/thumb/v7e-m+dp/hard/crti.o
LOAD F:/CodingIDEs/STM32CubeIDE/plugins/com.st.stm32cube.ide.mcu.externaltools.gnu-tools-for-stm32.13.3.rel1.win32_1.0.0.202411081344/tools/bin/../lib/gcc/arm-none-eabi/13.3.1/thumb/v7e-m+dp/hard/crtbegin.o
LOAD F:/CodingIDEs/STM32CubeIDE/plugins/com.st.stm32cube.ide.mcu.externaltools.gnu-tools-for-stm32.13.3.rel1.win32_1.0.0.202411081344/tools/bin/../lib/gcc/arm-none-eabi/13.3.1/../../../../arm-none-eabi/lib/thumb/v7e-m+dp/hard/crt0.o
LOAD ./Inc/M7/mpu.o
LOAD ./Inc/Peripherals/adc.o
LOAD ./Inc/Peripherals/dma.o
LOAD ./Inc/Peripherals/dmamux.o
LOAD ./Inc/Peripherals/gpio.o
LOAD ./Inc/Peripherals/hsem.o
LOAD ./Inc/Peripherals/rcc.o
LOAD ./Inc/Peripherals/spi.o
LOAD ./Inc/Peripherals/tim2345.o
LOAD ./Inc/binary_semaphore.o
LOAD ./Inc/st7789v3.o
LOAD ./Src/main.o
LOAD ./Src/peripheralInit.o
LOAD ./Src/start.o
LOAD ./Src/syscalls.o
LOAD ./Src/sysmem.o
LOAD ./Startup/startup_stm32h755zitx.o
START GROUP
LOAD F:/CodingIDEs/STM32CubeIDE/plugins/com.st.stm32cube.ide.mcu.externaltools.gnu-tools-for-stm32.13.3.rel1.win32_1.0.0.202411081344/tools/bin/../lib/gcc/arm-none-eabi/13.3.1/../../../../arm-none-eabi/lib/thumb/v7e-m+dp/hard\libstdc++_nano.a
LOAD F:/CodingIDEs/STM32CubeIDE/plugins/com.st.stm32cube.ide.mcu.externaltools.gnu-tools-for-stm32.13.3.rel1.win32_1.0.0.202411081344/tools/bin/../lib/gcc/arm-none-eabi/13.3.1/../../../../arm-none-eabi/lib/thumb/v7e-m+dp/hard\libsupc++_nano.a
END GROUP
LOAD F:/CodingIDEs/STM32CubeIDE/plugins/com.st.stm32cube.ide.mcu.externaltools.gnu-tools-for-stm32.13.3.rel1.win32_1.0.0.202411081344/tools/bin/../lib/gcc/arm-none-eabi/13.3.1/../../../../arm-none-eabi/lib/thumb/v7e-m+dp/hard\libstdc++_nano.a
LOAD F:/CodingIDEs/STM32CubeIDE/plugins/com.st.stm32cube.ide.mcu.externaltools.gnu-tools-for-stm32.13.3.rel1.win32_1.0.0.202411081344/tools/bin/../lib/gcc/arm-none-eabi/13.3.1/../../../../arm-none-eabi/lib/thumb/v7e-m+dp/hard\libm.a
LOAD F:/CodingIDEs/STM32CubeIDE/plugins/com.st.stm32cube.ide.mcu.externaltools.gnu-tools-for-stm32.13.3.rel1.win32_1.0.0.202411081344/tools/bin/../lib/gcc/arm-none-eabi/13.3.1/../../../../arm-none-eabi/lib/thumb/v7e-m+dp/hard\libc_nano.a
START GROUP
LOAD F:/CodingIDEs/STM32CubeIDE/plugins/com.st.stm32cube.ide.mcu.externaltools.gnu-tools-for-stm32.13.3.rel1.win32_1.0.0.202411081344/tools/bin/../lib/gcc/arm-none-eabi/13.3.1/thumb/v7e-m+dp/hard\libgcc.a
LOAD F:/CodingIDEs/STM32CubeIDE/plugins/com.st.stm32cube.ide.mcu.externaltools.gnu-tools-for-stm32.13.3.rel1.win32_1.0.0.202411081344/tools/bin/../lib/gcc/arm-none-eabi/13.3.1/../../../../arm-none-eabi/lib/thumb/v7e-m+dp/hard\libc_nano.a
END GROUP
START GROUP
LOAD F:/CodingIDEs/STM32CubeIDE/plugins/com.st.stm32cube.ide.mcu.externaltools.gnu-tools-for-stm32.13.3.rel1.win32_1.0.0.202411081344/tools/bin/../lib/gcc/arm-none-eabi/13.3.1/thumb/v7e-m+dp/hard\libgcc.a
LOAD F:/CodingIDEs/STM32CubeIDE/plugins/com.st.stm32cube.ide.mcu.externaltools.gnu-tools-for-stm32.13.3.rel1.win32_1.0.0.202411081344/tools/bin/../lib/gcc/arm-none-eabi/13.3.1/../../../../arm-none-eabi/lib/thumb/v7e-m+dp/hard\libc_nano.a
LOAD F:/CodingIDEs/STM32CubeIDE/plugins/com.st.stm32cube.ide.mcu.externaltools.gnu-tools-for-stm32.13.3.rel1.win32_1.0.0.202411081344/tools/bin/../lib/gcc/arm-none-eabi/13.3.1/../../../../arm-none-eabi/lib/thumb/v7e-m+dp/hard\libnosys.a
END GROUP
START GROUP
LOAD F:/CodingIDEs/STM32CubeIDE/plugins/com.st.stm32cube.ide.mcu.externaltools.gnu-tools-for-stm32.13.3.rel1.win32_1.0.0.202411081344/tools/bin/../lib/gcc/arm-none-eabi/13.3.1/thumb/v7e-m+dp/hard\libgcc.a
LOAD F:/CodingIDEs/STM32CubeIDE/plugins/com.st.stm32cube.ide.mcu.externaltools.gnu-tools-for-stm32.13.3.rel1.win32_1.0.0.202411081344/tools/bin/../lib/gcc/arm-none-eabi/13.3.1/../../../../arm-none-eabi/lib/thumb/v7e-m+dp/hard\libc_nano.a
LOAD F:/CodingIDEs/STM32CubeIDE/plugins/com.st.stm32cube.ide.mcu.externaltools.gnu-tools-for-stm32.13.3.rel1.win32_1.0.0.202411081344/tools/bin/../lib/gcc/arm-none-eabi/13.3.1/../../../../arm-none-eabi/lib/thumb/v7e-m+dp/hard\libnosys.a
END GROUP
LOAD F:/CodingIDEs/STM32CubeIDE/plugins/com.st.stm32cube.ide.mcu.externaltools.gnu-tools-for-stm32.13.3.rel1.win32_1.0.0.202411081344/tools/bin/../lib/gcc/arm-none-eabi/13.3.1/thumb/v7e-m+dp/hard/crtend.o
LOAD F:/CodingIDEs/STM32CubeIDE/plugins/com.st.stm32cube.ide.mcu.externaltools.gnu-tools-for-stm32.13.3.rel1.win32_1.0.0.202411081344/tools/bin/../lib/gcc/arm-none-eabi/13.3.1/thumb/v7e-m+dp/hard/crtn.o
                0x24080000                        _estack = (ORIGIN (RAM_D1) + LENGTH (RAM_D1))
                0x00000200                        _Min_Heap_Size = 0x200
                0x00000400                        _Min_Stack_Size = 0x400

.isr_vector     0x08000000      0x298
                0x08000000                        . = ALIGN (0x4)
 *(.isr_vector)
 .isr_vector    0x08000000      0x298 ./Startup/startup_stm32h755zitx.o
                0x08000000                g_pfnVectors
                0x08000298                        . = ALIGN (0x4)

.text           0x08000298     0x117c
                0x08000298                        . = ALIGN (0x4)
 *(.text)
 .text          0x08000298       0x40 F:/CodingIDEs/STM32CubeIDE/plugins/com.st.stm32cube.ide.mcu.externaltools.gnu-tools-for-stm32.13.3.rel1.win32_1.0.0.202411081344/tools/bin/../lib/gcc/arm-none-eabi/13.3.1/thumb/v7e-m+dp/hard/crtbegin.o
 *(.text*)
 .text._Z18dma1_clearAllFlags10DMA_Stream
                0x080002d8       0x50 ./Inc/Peripherals/dma.o
                0x080002d8                dma1_clearAllFlags(DMA_Stream)
 .text._Z16dma_configstreamR33DMA_StreamCfg_PeripheralAndMemory21DMA_TransferDirectionP9DMAStruct
                0x08000328      0x130 ./Inc/Peripherals/dma.o
                0x08000328                dma_configstream(DMA_StreamCfg_PeripheralAndMemory&, DMA_TransferDirection, DMAStruct*)
 .text._Z16dma_configStreamR22DMA_StreamCfg_MemToPerP9DMAStruct
                0x08000458       0x1e ./Inc/Peripherals/dma.o
                0x08000458                dma_configStream(DMA_StreamCfg_MemToPer&, DMAStruct*)
 *fill*         0x08000476        0x2 
 .text._Z17dma1_enableStream10DMA_Stream
                0x08000478       0x38 ./Inc/Peripherals/dma.o
                0x08000478                dma1_enableStream(DMA_Stream)
 .text._Z18dma1_disableStream10DMA_Stream
                0x080004b0       0x50 ./Inc/Peripherals/dma.o
                0x080004b0                dma1_disableStream(DMA_Stream)
 .text._Z24dma1_setDataTransferSize10DMA_Streamt
                0x08000500       0x34 ./Inc/Peripherals/dma.o
                0x08000500                dma1_setDataTransferSize(DMA_Stream, unsigned short)
 .text._Z19dmamux1_chConfigRegi
                0x08000534       0x24 ./Inc/Peripherals/dmamux.o
                0x08000534                dmamux1_chConfigReg(int)
 .text._Z20dmamux_configChannel18DMAMUX1_ChannelCfg
                0x08000558       0x7e ./Inc/Peripherals/dmamux.o
                0x08000558                dmamux_configChannel(DMAMUX1_ChannelCfg)
 .text._Z15gpio_setPinModeP10GPIOStruct8GPIO_Pin12GPIO_PinMode
                0x080005d6       0x44 ./Inc/Peripherals/gpio.o
                0x080005d6                gpio_setPinMode(GPIOStruct*, GPIO_Pin, GPIO_PinMode)
 .text._Z21gpio_setPinOutputTypeP10GPIOStruct8GPIO_Pin15GPIO_OutputType
                0x0800061a       0x3e ./Inc/Peripherals/gpio.o
                0x0800061a                gpio_setPinOutputType(GPIOStruct*, GPIO_Pin, GPIO_OutputType)
 .text._Z15gpio_setPinPullP10GPIOStruct8GPIO_Pin12GPIO_PinPull
                0x08000658       0x44 ./Inc/Peripherals/gpio.o
                0x08000658                gpio_setPinPull(GPIOStruct*, GPIO_Pin, GPIO_PinPull)
 .text._Z18gpio_setPinAltFuncP10GPIOStruct8GPIO_Pin12GPIO_AltFunc
                0x0800069c       0x84 ./Inc/Peripherals/gpio.o
                0x0800069c                gpio_setPinAltFunc(GPIOStruct*, GPIO_Pin, GPIO_AltFunc)
 .text._Z22gpio_setPinOutputSpeedP10GPIOStruct8GPIO_Pin16GPIO_OutputSpeed
                0x08000720       0x44 ./Inc/Peripherals/gpio.o
                0x08000720                gpio_setPinOutputSpeed(GPIOStruct*, GPIO_Pin, GPIO_OutputSpeed)
 .text._Z14gpio_configPinP10GPIOStruct8GPIO_PinR11GPIO_PinCFG
                0x08000764       0x5a ./Inc/Peripherals/gpio.o
                0x08000764                gpio_configPin(GPIOStruct*, GPIO_Pin, GPIO_PinCFG&)
 *fill*         0x080007be        0x2 
 .text._Z18allocatePeripheral3BUSii
                0x080007c0       0x68 ./Inc/Peripherals/rcc.o
                0x080007c0                allocatePeripheral(BUS, int, int)
 .text._Z15resetPeripheral3BUSi
                0x08000828       0x64 ./Inc/Peripherals/rcc.o
                0x08000828                resetPeripheral(BUS, int)
 .text._Z17reallocPeripheral3BUSii
                0x0800088c       0x2c ./Inc/Peripherals/rcc.o
                0x0800088c                reallocPeripheral(BUS, int, int)
 .text._Z17reallocPeripheral15AHB1_Peripheral6SysCPU
                0x080008b8       0x1c ./Inc/Peripherals/rcc.o
                0x080008b8                reallocPeripheral(AHB1_Peripheral, SysCPU)
 .text._Z17reallocPeripheral15AHB4_Peripheral6SysCPU
                0x080008d4       0x1c ./Inc/Peripherals/rcc.o
                0x080008d4                reallocPeripheral(AHB4_Peripheral, SysCPU)
 .text._Z17reallocPeripheral16APB1L_Peripheral6SysCPU
                0x080008f0       0x1c ./Inc/Peripherals/rcc.o
                0x080008f0                reallocPeripheral(APB1L_Peripheral, SysCPU)
 .text._Z10spi_config13SPI_MasterCFGP9SPIStruct
                0x0800090c       0xba ./Inc/Peripherals/spi.o
                0x0800090c                spi_config(SPI_MasterCFG, SPIStruct*)
 .text._Z13spi_clearFlagP9SPIStruct9SPI_Event
                0x080009c6       0x24 ./Inc/Peripherals/spi.o
                0x080009c6                spi_clearFlag(SPIStruct*, SPI_Event)
 .text._Z12spi_readFlagP9SPIStruct9SPI_Event
                0x080009ea       0x2e ./Inc/Peripherals/spi.o
                0x080009ea                spi_readFlag(SPIStruct*, SPI_Event)
 .text._Z10spi_enableP9SPIStruct
                0x08000a18       0x20 ./Inc/Peripherals/spi.o
                0x08000a18                spi_enable(SPIStruct*)
 .text._Z11spi_disableP9SPIStruct
                0x08000a38       0x20 ./Inc/Peripherals/spi.o
                0x08000a38                spi_disable(SPIStruct*)
 .text._Z15spi_masterStartP9SPIStruct
                0x08000a58       0x20 ./Inc/Peripherals/spi.o
                0x08000a58                spi_masterStart(SPIStruct*)
 .text._Z12spi_setTSizeP9SPIStructt
                0x08000a78       0x34 ./Inc/Peripherals/spi.o
                0x08000a78                spi_setTSize(SPIStruct*, unsigned short)
 .text._Z11gpio_setPinP10GPIOStruct8GPIO_Pin
                0x08000aac       0x24 ./Inc/st7789v3.o
                0x08000aac                gpio_setPin(GPIOStruct*, GPIO_Pin)
 .text._Z13gpio_resetPinP10GPIOStruct8GPIO_Pin
                0x08000ad0       0x26 ./Inc/st7789v3.o
                0x08000ad0                gpio_resetPin(GPIOStruct*, GPIO_Pin)
 .text._ZN13SPI_MasterCFGC2Ev
                0x08000af6       0x8c ./Inc/st7789v3.o
                0x08000af6                SPI_MasterCFG::SPI_MasterCFG()
                0x08000af6                SPI_MasterCFG::SPI_MasterCFG()
 .text._ZN33DMA_StreamCfg_PeripheralAndMemoryC2Ev
                0x08000b82       0xba ./Inc/st7789v3.o
                0x08000b82                DMA_StreamCfg_PeripheralAndMemory::DMA_StreamCfg_PeripheralAndMemory()
                0x08000b82                DMA_StreamCfg_PeripheralAndMemory::DMA_StreamCfg_PeripheralAndMemory()
 .text._ZN22DMA_StreamCfg_MemToPerC2Ev
                0x08000c3c       0x1a ./Inc/st7789v3.o
                0x08000c3c                DMA_StreamCfg_MemToPer::DMA_StreamCfg_MemToPer()
                0x08000c3c                DMA_StreamCfg_MemToPer::DMA_StreamCfg_MemToPer()
 .text._ZN18DMAMUX1_ChannelCfgC2Ev
                0x08000c56       0x56 ./Inc/st7789v3.o
                0x08000c56                DMAMUX1_ChannelCfg::DMAMUX1_ChannelCfg()
                0x08000c56                DMAMUX1_ChannelCfg::DMAMUX1_ChannelCfg()
 .text.SPI3_IRQHandler
                0x08000cac       0x44 ./Inc/st7789v3.o
                0x08000cac                SPI3_IRQHandler
 .text._ZN8st7789v315initPeripheralsEv
                0x08000cf0      0x1e0 ./Inc/st7789v3.o
                0x08000cf0                st7789v3::initPeripherals()
 .text._ZN8st7789v39setDCLineEv
                0x08000ed0       0x1c ./Inc/st7789v3.o
                0x08000ed0                st7789v3::setDCLine()
 .text._ZN8st7789v311resetDCLineEv
                0x08000eec       0x1c ./Inc/st7789v3.o
                0x08000eec                st7789v3::resetDCLine()
 .text._ZN8st7789v39setRstPinEv
                0x08000f08       0x1c ./Inc/st7789v3.o
                0x08000f08                st7789v3::setRstPin()
 .text._ZN8st7789v311resetRstPinEv
                0x08000f24       0x1c ./Inc/st7789v3.o
                0x08000f24                st7789v3::resetRstPin()
 .text._ZN8st7789v315enableBacklightEv
                0x08000f40       0x1c ./Inc/st7789v3.o
                0x08000f40                st7789v3::enableBacklight()
 .text._ZN8st7789v311sendCommandENS_8commandsEb
                0x08000f5c       0xa8 ./Inc/st7789v3.o
                0x08000f5c                st7789v3::sendCommand(st7789v3::commands, bool)
 .text._ZN8st7789v38sendDataEPhmb
                0x08001004       0x9c ./Inc/st7789v3.o
                0x08001004                st7789v3::sendData(unsigned char*, unsigned long, bool)
 .text._ZN8st7789v314waitTxCompleteEv
                0x080010a0       0x44 ./Inc/st7789v3.o
                0x080010a0                st7789v3::waitTxComplete()
 .text._ZN8st7789v3C2Ev
                0x080010e4       0x24 ./Src/main.o
                0x080010e4                st7789v3::st7789v3()
                0x080010e4                st7789v3::st7789v3()
 .text._ZN8st7789v313setColumnAddrEtt
                0x08001108       0x50 ./Src/main.o
                0x08001108                st7789v3::setColumnAddr(unsigned short, unsigned short)
 .text._ZN8st7789v310setRowAddrEtt
                0x08001158       0x50 ./Src/main.o
                0x08001158                st7789v3::setRowAddr(unsigned short, unsigned short)
 .text.main     0x080011a8      0x188 ./Src/main.o
                0x080011a8                main
 .text._Z4initv
                0x08001330       0x10 ./Src/main.o
                0x08001330                init()
 .text.SystemInit
                0x08001340       0x20 ./Src/start.o
                0x08001340                SystemInit
 .text.Reset_Handler
                0x08001360       0x50 ./Startup/startup_stm32h755zitx.o
                0x08001360                Reset_Handler
 .text.Default_Handler
                0x080013b0        0x2 ./Startup/startup_stm32h755zitx.o
                0x080013b0                HASH_RNG_IRQHandler
                0x080013b0                EXTI2_IRQHandler
                0x080013b0                TIM8_CC_IRQHandler
                0x080013b0                DMA_STR2_IRQHandler
                0x080013b0                DebugMon_Handler
                0x080013b0                UART8_IRQHandler
                0x080013b0                SPI4_IRQHandler
                0x080013b0                HRTIM1_MST_IRQHandler
                0x080013b0                HardFault_Handler
                0x080013b0                DMA_STR5_IRQHandler
                0x080013b0                HRTIM1_FLT_IRQHandler
                0x080013b0                JPEG_IRQHandler
                0x080013b0                SysTick_Handler
                0x080013b0                DMA2_STR1_IRQHandler
                0x080013b0                DMA2_STR5_IRQHandler
                0x080013b0                HRTIM1_TIMD_IRQHandler
                0x080013b0                PendSV_Handler
                0x080013b0                NMI_Handler
                0x080013b0                EXTI3_IRQHandler
                0x080013b0                LPTIM4_IRQHandler
                0x080013b0                TIM8_TRG_COM_TIM14_IRQHandler
                0x080013b0                LPTIM2_IRQHandler
                0x080013b0                DFSDM1_FLT1_IRQHandler
                0x080013b0                DMAMUX2_OVR_IRQHandler
                0x080013b0                TIM8_UP_TIM13_IRQHandler
                0x080013b0                I2C3_ER_IRQHandler
                0x080013b0                DFSDM1_FLT2_IRQHandler
                0x080013b0                MDMA_IRQHandler
                0x080013b0                LPTIM3_IRQHandler
                0x080013b0                EXTI0_IRQHandler
                0x080013b0                I2C2_EV_IRQHandler
                0x080013b0                FPU_IRQHandler
                0x080013b0                DMA_STR1_IRQHandler
                0x080013b0                OTG_HS_WKUP_IRQHandler
                0x080013b0                FDCAN1_IT1_IRQHandler
                0x080013b0                UsageFault_Handler
                0x080013b0                LTDC_ER_IRQHandler
                0x080013b0                ADC1_2_IRQHandler
                0x080013b0                SPI1_IRQHandler
                0x080013b0                BDMA_CH2_IRQHandler
                0x080013b0                TIM6_DAC_IRQHandler
                0x080013b0                DCMI_IRQHandler
                0x080013b0                HRTIM1_TIMC_IRQHandler
                0x080013b0                SDMMC_IRQHandler
                0x080013b0                RTC_ALARM_IRQHandler
                0x080013b0                DMA_STR0_IRQHandler
                0x080013b0                SAI2_IRQHandler
                0x080013b0                DMA2_STR3_IRQHandler
                0x080013b0                DFSDM1_FLT3_IRQHandler
                0x080013b0                USART6_IRQHandler
                0x080013b0                BDMA_CH5_IRQHandler
                0x080013b0                TIM17_IRQHandler
                0x080013b0                BDMA_CH6_IRQHandler
                0x080013b0                USART3_IRQHandler
                0x080013b0                WKUP_IRQHandler
                0x080013b0                CRYP_IRQHandler
                0x080013b0                BDMA_CH3_IRQHandler
                0x080013b0                LPTIM5_IRQHandler
                0x080013b0                LPUART_IRQHandler
                0x080013b0                UART5_IRQHandler
                0x080013b0                ADC3_IRQHandler
                0x080013b0                DMA_STR6_IRQHandler
                0x080013b0                TIM4_IRQHandler
                0x080013b0                QUADSPI_IRQHandler
                0x080013b0                I2C1_EV_IRQHandler
                0x080013b0                DMA1_STR7_IRQHandler
                0x080013b0                TIM16_IRQHandler
                0x080013b0                UART4_IRQHandler
                0x080013b0                TIM3_IRQHandler
                0x080013b0                RCC_IRQHandler
                0x080013b0                TIM8_BRK_TIM12_IRQHandler
                0x080013b0                TIM1_TRG_COM_IRQHandler
                0x080013b0                Default_Handler
                0x080013b0                HRTIM_TIMB_IRQHandler
                0x080013b0                CEC_IRQHandler
                0x080013b0                EXTI15_10_IRQHandler
                0x080013b0                BDMA_CH4_IRQHandler
                0x080013b0                DMA_STR3_IRQHandler
                0x080013b0                HRTIM_TIME_IRQHandler
                0x080013b0                HRTIM1_TIMA_IRQHandler
                0x080013b0                SPI5_IRQHandler
                0x080013b0                TIM7_IRQHandler
                0x080013b0                SDMMC1_IRQHandler
                0x080013b0                TIM5_IRQHandler
                0x080013b0                SPDIF_IRQHandler
                0x080013b0                TIM15_IRQHandler
                0x080013b0                I2C3_EV_IRQHandler
                0x080013b0                EXTI9_5_IRQHandler
                0x080013b0                DMA2_STR4_IRQHandler
                0x080013b0                RTC_WKUP_IRQHandler
                0x080013b0                DMA2_STR6_IRQHandler
                0x080013b0                LTDC_IRQHandler
                0x080013b0                SAI3_IRQHandler
                0x080013b0                ETH_WKUP_IRQHandler
                0x080013b0                PVD_PVM_IRQHandler
                0x080013b0                SPI2_IRQHandler
                0x080013b0                OTG_HS_EP1_IN_IRQHandler
                0x080013b0                MemManage_Handler
                0x080013b0                DMA2_STR0_IRQHandler
                0x080013b0                SVC_Handler
                0x080013b0                CRS_IRQHandler
                0x080013b0                EXTI4_IRQHandler
                0x080013b0                DMAMUX1_OV_IRQHandler
                0x080013b0                FDCAN2_IT1_IRQHandler
                0x080013b0                DMA_STR4_IRQHandler
                0x080013b0                COMP_IRQHandler
                0x080013b0                DMA2_STR2_IRQHandler
                0x080013b0                ETH_IRQHandler
                0x080013b0                TIM1_UP_IRQHandler
                0x080013b0                DMA2_STR7_IRQHandler
                0x080013b0                OTG_HS_EP1_OUT_IRQHandler
                0x080013b0                SPI6_IRQHandler
                0x080013b0                MDIOS_IRQHandler
                0x080013b0                I2C4_EV_IRQHandler
                0x080013b0                FDCAN2_IT0_IRQHandler
                0x080013b0                BDMA_CH7_IRQHandler
                0x080013b0                FDCAN1_IT0_IRQHandler
                0x080013b0                TIM2_IRQHandler
                0x080013b0                HSEM0_IRQHandler
                0x080013b0                OTG_FS_WKUP_IRQHandler
                0x080013b0                OTG_HS_IRQHandler
                0x080013b0                DMA2D_IRQHandler
                0x080013b0                TIM1_BRK_IRQHandler
                0x080013b0                EXTI1_IRQHandler
                0x080013b0                WWDG2_RST_IRQHandler
                0x080013b0                OTG_FS_EP1_OUT_IRQHandler
                0x080013b0                HOLD_CORE_IRQHandler
                0x080013b0                UART7_IRQHandler
                0x080013b0                MDIOS_WKUP_IRQHandler
                0x080013b0                USART2_IRQHandler
                0x080013b0                DFSDM1_FLT0_IRQHandler
                0x080013b0                SAI4_IRQHandler
                0x080013b0                I2C2_ER_IRQHandler
                0x080013b0                FLASH_IRQHandler
                0x080013b0                WWDG1_IRQHandler
                0x080013b0                BusFault_Handler
                0x080013b0                USART1_IRQHandler
                0x080013b0                OTG_FS_IRQHandler
                0x080013b0                OTG_FS_EP1_IN_IRQHandler
                0x080013b0                I2C1_ER_IRQHandler
                0x080013b0                FMC_IRQHandler
                0x080013b0                BDMA_CH1_IRQHandler
                0x080013b0                FDCAN_CAL_IRQHandler
                0x080013b0                SWPMI1_IRQHandler
                0x080013b0                LPTIM1_IRQHandler
                0x080013b0                BDMA_CH8_IRQHandler
                0x080013b0                cm4_sev_it_IRQHandler
                0x080013b0                TIM_CC_IRQHandler
                0x080013b0                I2C4_ER_IRQHandler
                0x080013b0                SAI1_IRQHandler
                0x080013b0                RTC_TAMP_STAMP_CSS_LSE_IRQHandler
 *fill*         0x080013b2        0x2 
 .text.__libc_init_array
                0x080013b4       0x48 F:/CodingIDEs/STM32CubeIDE/plugins/com.st.stm32cube.ide.mcu.externaltools.gnu-tools-for-stm32.13.3.rel1.win32_1.0.0.202411081344/tools/bin/../lib/gcc/arm-none-eabi/13.3.1/../../../../arm-none-eabi/lib/thumb/v7e-m+dp/hard\libc_nano.a(libc_a-init.o)
                0x080013b4                __libc_init_array
 *(.glue_7)
 .glue_7        0x080013fc        0x0 linker stubs
 *(.glue_7t)
 .glue_7t       0x080013fc        0x0 linker stubs
 *(.eh_frame)
 .eh_frame      0x080013fc        0x0 F:/CodingIDEs/STM32CubeIDE/plugins/com.st.stm32cube.ide.mcu.externaltools.gnu-tools-for-stm32.13.3.rel1.win32_1.0.0.202411081344/tools/bin/../lib/gcc/arm-none-eabi/13.3.1/thumb/v7e-m+dp/hard/crtbegin.o
 *(.init)
 .init          0x080013fc        0x4 F:/CodingIDEs/STM32CubeIDE/plugins/com.st.stm32cube.ide.mcu.externaltools.gnu-tools-for-stm32.13.3.rel1.win32_1.0.0.202411081344/tools/bin/../lib/gcc/arm-none-eabi/13.3.1/thumb/v7e-m+dp/hard/crti.o
                0x080013fc                _init
 .init          0x08001400        0x8 F:/CodingIDEs/STM32CubeIDE/plugins/com.st.stm32cube.ide.mcu.externaltools.gnu-tools-for-stm32.13.3.rel1.win32_1.0.0.202411081344/tools/bin/../lib/gcc/arm-none-eabi/13.3.1/thumb/v7e-m+dp/hard/crtn.o
 *(.fini)
 .fini          0x08001408        0x4 F:/CodingIDEs/STM32CubeIDE/plugins/com.st.stm32cube.ide.mcu.externaltools.gnu-tools-for-stm32.13.3.rel1.win32_1.0.0.202411081344/tools/bin/../lib/gcc/arm-none-eabi/13.3.1/thumb/v7e-m+dp/hard/crti.o
                0x08001408                _fini
 .fini          0x0800140c        0x8 F:/CodingIDEs/STM32CubeIDE/plugins/com.st.stm32cube.ide.mcu.externaltools.gnu-tools-for-stm32.13.3.rel1.win32_1.0.0.202411081344/tools/bin/../lib/gcc/arm-none-eabi/13.3.1/thumb/v7e-m+dp/hard/crtn.o
                0x08001414                        . = ALIGN (0x4)
                0x08001414                        _etext = .

.vfp11_veneer   0x08001414        0x0
 .vfp11_veneer  0x08001414        0x0 linker stubs

.v4_bx          0x08001414        0x0
 .v4_bx         0x08001414        0x0 linker stubs

.iplt           0x08001414        0x0
 .iplt          0x08001414        0x0 F:/CodingIDEs/STM32CubeIDE/plugins/com.st.stm32cube.ide.mcu.externaltools.gnu-tools-for-stm32.13.3.rel1.win32_1.0.0.202411081344/tools/bin/../lib/gcc/arm-none-eabi/13.3.1/thumb/v7e-m+dp/hard/crtbegin.o

.rodata         0x08001414        0x4
                0x08001414                        . = ALIGN (0x4)
 *(.rodata)
 *(.rodata*)
 .rodata._ZL12flagStartbit
                0x08001414        0x4 ./Inc/Peripherals/dma.o
                0x08001418                        . = ALIGN (0x4)

.ARM.extab      0x08001418        0x0
                0x08001418                        . = ALIGN (0x4)
 *(.ARM.extab* .gnu.linkonce.armextab.*)
                0x08001418                        . = ALIGN (0x4)

.ARM            0x08001418        0x0
                0x08001418                        . = ALIGN (0x4)
                0x08001418                        __exidx_start = .
 *(.ARM.exidx*)
                0x08001418                        __exidx_end = .
                0x08001418                        . = ALIGN (0x4)

.preinit_array  0x08001418        0x0
                0x08001418                        . = ALIGN (0x4)
                0x08001418                        PROVIDE (__preinit_array_start = .)
 *(.preinit_array*)
                0x08001418                        PROVIDE (__preinit_array_end = .)
                0x08001418                        . = ALIGN (0x4)

.init_array     0x08001418        0x4
                0x08001418                        . = ALIGN (0x4)
                0x08001418                        PROVIDE (__init_array_start = .)
 *(SORT_BY_NAME(.init_array.*))
 *(.init_array*)
 .init_array    0x08001418        0x4 F:/CodingIDEs/STM32CubeIDE/plugins/com.st.stm32cube.ide.mcu.externaltools.gnu-tools-for-stm32.13.3.rel1.win32_1.0.0.202411081344/tools/bin/../lib/gcc/arm-none-eabi/13.3.1/thumb/v7e-m+dp/hard/crtbegin.o
                0x0800141c                        PROVIDE (__init_array_end = .)
                0x0800141c                        . = ALIGN (0x4)

.fini_array     0x0800141c        0x4
                0x0800141c                        . = ALIGN (0x4)
                [!provide]                        PROVIDE (__fini_array_start = .)
 *(SORT_BY_NAME(.fini_array.*))
 *(.fini_array*)
 .fini_array    0x0800141c        0x4 F:/CodingIDEs/STM32CubeIDE/plugins/com.st.stm32cube.ide.mcu.externaltools.gnu-tools-for-stm32.13.3.rel1.win32_1.0.0.202411081344/tools/bin/../lib/gcc/arm-none-eabi/13.3.1/thumb/v7e-m+dp/hard/crtbegin.o
                [!provide]                        PROVIDE (__fini_array_end = .)
                0x08001420                        . = ALIGN (0x4)
                0x08001420                        _sidata = LOADADDR (.data)

.rel.dyn        0x08001420        0x0
 .rel.iplt      0x08001420        0x0 F:/CodingIDEs/STM32CubeIDE/plugins/com.st.stm32cube.ide.mcu.externaltools.gnu-tools-for-stm32.13.3.rel1.win32_1.0.0.202411081344/tools/bin/../lib/gcc/arm-none-eabi/13.3.1/thumb/v7e-m+dp/hard/crtbegin.o

.data           0x24000000        0x0 load address 0x08001420
                0x24000000                        . = ALIGN (0x4)
                0x24000000                        _sdata = .
 *(.data)
 *(.data*)
 *(.RamFunc)
 *(.RamFunc*)
                0x24000000                        . = ALIGN (0x4)
                0x24000000                        _edata = .

.igot.plt       0x24000000        0x0 load address 0x08001420
 .igot.plt      0x24000000        0x0 F:/CodingIDEs/STM32CubeIDE/plugins/com.st.stm32cube.ide.mcu.externaltools.gnu-tools-for-stm32.13.3.rel1.win32_1.0.0.202411081344/tools/bin/../lib/gcc/arm-none-eabi/13.3.1/thumb/v7e-m+dp/hard/crtbegin.o
                0x24000000                        . = ALIGN (0x4)

.bss            0x24000000    0x2581c load address 0x08001420
                0x24000000                        _sbss = .
                0x24000000                        __bss_start__ = _sbss
 *(.bss)
 .bss           0x24000000       0x1c F:/CodingIDEs/STM32CubeIDE/plugins/com.st.stm32cube.ide.mcu.externaltools.gnu-tools-for-stm32.13.3.rel1.win32_1.0.0.202411081344/tools/bin/../lib/gcc/arm-none-eabi/13.3.1/thumb/v7e-m+dp/hard/crtbegin.o
 *(.bss*)
 .bss.buff1     0x2400001c    0x25800 ./Src/main.o
                0x2400001c                buff1
 *(COMMON)
                0x2402581c                        . = ALIGN (0x4)
                0x2402581c                        _ebss = .
                0x2402581c                        __bss_end__ = _ebss

._user_heap_stack
                0x2402581c      0x604 load address 0x08001420
                0x24025820                        . = ALIGN (0x8)
 *fill*         0x2402581c        0x4 
                [!provide]                        PROVIDE (end = .)
                0x24025820                        PROVIDE (_end = .)
                0x24025a20                        . = (. + _Min_Heap_Size)
 *fill*         0x24025820      0x200 
                0x24025e20                        . = (. + _Min_Stack_Size)
 *fill*         0x24025a20      0x400 
                0x24025e20                        . = ALIGN (0x8)

/DISCARD/
 libc.a(*)
 libm.a(*)
 libgcc.a(*)

.ARM.attributes
                0x00000000       0x2e
 *(.ARM.attributes)
 .ARM.attributes
                0x00000000       0x20 F:/CodingIDEs/STM32CubeIDE/plugins/com.st.stm32cube.ide.mcu.externaltools.gnu-tools-for-stm32.13.3.rel1.win32_1.0.0.202411081344/tools/bin/../lib/gcc/arm-none-eabi/13.3.1/thumb/v7e-m+dp/hard/crti.o
 .ARM.attributes
                0x00000020       0x32 F:/CodingIDEs/STM32CubeIDE/plugins/com.st.stm32cube.ide.mcu.externaltools.gnu-tools-for-stm32.13.3.rel1.win32_1.0.0.202411081344/tools/bin/../lib/gcc/arm-none-eabi/13.3.1/thumb/v7e-m+dp/hard/crtbegin.o
 .ARM.attributes
                0x00000052       0x32 ./Inc/Peripherals/dma.o
 .ARM.attributes
                0x00000084       0x32 ./Inc/Peripherals/dmamux.o
 .ARM.attributes
                0x000000b6       0x32 ./Inc/Peripherals/gpio.o
 .ARM.attributes
                0x000000e8       0x32 ./Inc/Peripherals/rcc.o
 .ARM.attributes
                0x0000011a       0x32 ./Inc/Peripherals/spi.o
 .ARM.attributes
                0x0000014c       0x32 ./Inc/st7789v3.o
 .ARM.attributes
                0x0000017e       0x32 ./Src/main.o
 .ARM.attributes
                0x000001b0       0x32 ./Src/start.o
 .ARM.attributes
                0x000001e2       0x21 ./Startup/startup_stm32h755zitx.o
 .ARM.attributes
                0x00000203       0x32 F:/CodingIDEs/STM32CubeIDE/plugins/com.st.stm32cube.ide.mcu.externaltools.gnu-tools-for-stm32.13.3.rel1.win32_1.0.0.202411081344/tools/bin/../lib/gcc/arm-none-eabi/13.3.1/../../../../arm-none-eabi/lib/thumb/v7e-m+dp/hard\libc_nano.a(libc_a-init.o)
 .ARM.attributes
                0x00000235       0x20 F:/CodingIDEs/STM32CubeIDE/plugins/com.st.stm32cube.ide.mcu.externaltools.gnu-tools-for-stm32.13.3.rel1.win32_1.0.0.202411081344/tools/bin/../lib/gcc/arm-none-eabi/13.3.1/thumb/v7e-m+dp/hard/crtn.o
OUTPUT(Spectrogram_CM7.elf elf32-littlearm)
LOAD linker stubs
LOAD F:/CodingIDEs/STM32CubeIDE/plugins/com.st.stm32cube.ide.mcu.externaltools.gnu-tools-for-stm32.13.3.rel1.win32_1.0.0.202411081344/tools/bin/../lib/gcc/arm-none-eabi/13.3.1/../../../../arm-none-eabi/lib/thumb/v7e-m+dp/hard\libc.a
LOAD F:/CodingIDEs/STM32CubeIDE/plugins/com.st.stm32cube.ide.mcu.externaltools.gnu-tools-for-stm32.13.3.rel1.win32_1.0.0.202411081344/tools/bin/../lib/gcc/arm-none-eabi/13.3.1/../../../../arm-none-eabi/lib/thumb/v7e-m+dp/hard\libm.a
LOAD F:/CodingIDEs/STM32CubeIDE/plugins/com.st.stm32cube.ide.mcu.externaltools.gnu-tools-for-stm32.13.3.rel1.win32_1.0.0.202411081344/tools/bin/../lib/gcc/arm-none-eabi/13.3.1/thumb/v7e-m+dp/hard\libgcc.a

.debug_info     0x00000000     0x5b38
 .debug_info    0x00000000      0xc06 ./Inc/Peripherals/dma.o
 .debug_info    0x00000c06      0xdb3 ./Inc/Peripherals/dmamux.o
 .debug_info    0x000019b9      0x4b1 ./Inc/Peripherals/gpio.o
 .debug_info    0x00001e6a      0xf3f ./Inc/Peripherals/rcc.o
 .debug_info    0x00002da9      0x636 ./Inc/Peripherals/spi.o
 .debug_info    0x000033df     0x2004 ./Inc/st7789v3.o
 .debug_info    0x000053e3      0x6e8 ./Src/main.o
 .debug_info    0x00005acb       0x3d ./Src/start.o
 .debug_info    0x00005b08       0x30 ./Startup/startup_stm32h755zitx.o

.debug_abbrev   0x00000000      0xd6c
 .debug_abbrev  0x00000000      0x1df ./Inc/Peripherals/dma.o
 .debug_abbrev  0x000001df      0x1d0 ./Inc/Peripherals/dmamux.o
 .debug_abbrev  0x000003af      0x153 ./Inc/Peripherals/gpio.o
 .debug_abbrev  0x00000502      0x17f ./Inc/Peripherals/rcc.o
 .debug_abbrev  0x00000681      0x16e ./Inc/Peripherals/spi.o
 .debug_abbrev  0x000007ef      0x2fd ./Inc/st7789v3.o
 .debug_abbrev  0x00000aec      0x22d ./Src/main.o
 .debug_abbrev  0x00000d19       0x2f ./Src/start.o
 .debug_abbrev  0x00000d48       0x24 ./Startup/startup_stm32h755zitx.o

.debug_aranges  0x00000000      0x430
 .debug_aranges
                0x00000000       0x98 ./Inc/Peripherals/dma.o
 .debug_aranges
                0x00000098       0x98 ./Inc/Peripherals/dmamux.o
 .debug_aranges
                0x00000130       0x48 ./Inc/Peripherals/gpio.o
 .debug_aranges
                0x00000178      0x108 ./Inc/Peripherals/rcc.o
 .debug_aranges
                0x00000280       0x88 ./Inc/Peripherals/spi.o
 .debug_aranges
                0x00000308       0xa0 ./Inc/st7789v3.o
 .debug_aranges
                0x000003a8       0x40 ./Src/main.o
 .debug_aranges
                0x000003e8       0x20 ./Src/start.o
 .debug_aranges
                0x00000408       0x28 ./Startup/startup_stm32h755zitx.o

.debug_rnglists
                0x00000000      0x301
 .debug_rnglists
                0x00000000       0x6f ./Inc/Peripherals/dma.o
 .debug_rnglists
                0x0000006f       0x6d ./Inc/Peripherals/dmamux.o
 .debug_rnglists
                0x000000dc       0x32 ./Inc/Peripherals/gpio.o
 .debug_rnglists
                0x0000010e       0xc1 ./Inc/Peripherals/rcc.o
 .debug_rnglists
                0x000001cf       0x62 ./Inc/Peripherals/spi.o
 .debug_rnglists
                0x00000231       0x78 ./Inc/st7789v3.o
 .debug_rnglists
                0x000002a9       0x2c ./Src/main.o
 .debug_rnglists
                0x000002d5       0x13 ./Src/start.o
 .debug_rnglists
                0x000002e8       0x19 ./Startup/startup_stm32h755zitx.o

.debug_macro    0x00000000      0xfb3
 .debug_macro   0x00000000       0x71 ./Inc/Peripherals/dma.o
 .debug_macro   0x00000071       0x1c ./Inc/Peripherals/dma.o
 .debug_macro   0x0000008d       0x75 ./Inc/Peripherals/dmamux.o
 .debug_macro   0x00000102       0x1c ./Inc/Peripherals/dmamux.o
 .debug_macro   0x0000011e       0x71 ./Inc/Peripherals/gpio.o
 .debug_macro   0x0000018f       0x52 ./Inc/Peripherals/gpio.o
 .debug_macro   0x000001e1       0x71 ./Inc/Peripherals/rcc.o
 .debug_macro   0x00000252       0x10 ./Inc/Peripherals/rcc.o
 .debug_macro   0x00000262       0x77 ./Inc/Peripherals/spi.o
 .debug_macro   0x000002d9       0x4c ./Inc/Peripherals/spi.o
 .debug_macro   0x00000325       0xe5 ./Inc/st7789v3.o
 .debug_macro   0x0000040a       0x7e ./Src/main.o
 .debug_macro   0x00000488       0x29 ./Src/start.o
 .debug_macro   0x000004b1      0xb02 ./Src/start.o

.debug_line     0x00000000     0x2f0d
 .debug_line    0x00000000      0x847 ./Inc/Peripherals/dma.o
 .debug_line    0x00000847      0x6df ./Inc/Peripherals/dmamux.o
 .debug_line    0x00000f26      0x517 ./Inc/Peripherals/gpio.o
 .debug_line    0x0000143d      0x6cf ./Inc/Peripherals/rcc.o
 .debug_line    0x00001b0c      0x637 ./Inc/Peripherals/spi.o
 .debug_line    0x00002143      0x7d3 ./Inc/st7789v3.o
 .debug_line    0x00002916      0x535 ./Src/main.o
 .debug_line    0x00002e4b       0x47 ./Src/start.o
 .debug_line    0x00002e92       0x7b ./Startup/startup_stm32h755zitx.o

.debug_str      0x00000000     0x7b6f
 .debug_str     0x00000000     0x7b6f ./Inc/Peripherals/dma.o
                               0x4d84 (size before relaxing)
 .debug_str     0x00007b6f     0x529c ./Inc/Peripherals/dmamux.o
 .debug_str     0x00007b6f     0x47e0 ./Inc/Peripherals/gpio.o
 .debug_str     0x00007b6f     0x4f36 ./Inc/Peripherals/rcc.o
 .debug_str     0x00007b6f     0x490b ./Inc/Peripherals/spi.o
 .debug_str     0x00007b6f     0x65e4 ./Inc/st7789v3.o
 .debug_str     0x00007b6f     0x4aed ./Src/main.o
 .debug_str     0x00007b6f     0x2f58 ./Src/start.o
 .debug_str     0x00007b6f       0x6e ./Startup/startup_stm32h755zitx.o

.comment        0x00000000       0x43
 .comment       0x00000000       0x43 ./Inc/Peripherals/dma.o
                                 0x44 (size before relaxing)
 .comment       0x00000043       0x44 ./Inc/Peripherals/dmamux.o
 .comment       0x00000043       0x44 ./Inc/Peripherals/gpio.o
 .comment       0x00000043       0x44 ./Inc/Peripherals/rcc.o
 .comment       0x00000043       0x44 ./Inc/Peripherals/spi.o
 .comment       0x00000043       0x44 ./Inc/st7789v3.o
 .comment       0x00000043       0x44 ./Src/main.o
 .comment       0x00000043       0x44 ./Src/start.o

.debug_frame    0x00000000     0x1058
 .debug_frame   0x00000000      0x28c ./Inc/Peripherals/dma.o
 .debug_frame   0x0000028c      0x2a0 ./Inc/Peripherals/dmamux.o
 .debug_frame   0x0000052c       0xfc ./Inc/Peripherals/gpio.o
 .debug_frame   0x00000628      0x450 ./Inc/Peripherals/rcc.o
 .debug_frame   0x00000a78      0x244 ./Inc/Peripherals/spi.o
 .debug_frame   0x00000cbc      0x288 ./Inc/st7789v3.o
 .debug_frame   0x00000f44       0xb8 ./Src/main.o
 .debug_frame   0x00000ffc       0x30 ./Src/start.o
 .debug_frame   0x0000102c       0x2c F:/CodingIDEs/STM32CubeIDE/plugins/com.st.stm32cube.ide.mcu.externaltools.gnu-tools-for-stm32.13.3.rel1.win32_1.0.0.202411081344/tools/bin/../lib/gcc/arm-none-eabi/13.3.1/../../../../arm-none-eabi/lib/thumb/v7e-m+dp/hard\libc_nano.a(libc_a-init.o)

.debug_line_str
                0x00000000       0x52
 .debug_line_str
                0x00000000       0x52 ./Startup/startup_stm32h755zitx.o
