F:/CodeSpaces/STM32Space/Spectrogram/CM7/Inc/Peripherals/gpio.h:119:13:void gpio_setPin(GPIOStruct*, GPIO_Pin)	16	static
F:/CodeSpaces/STM32Space/Spectrogram/CM7/Inc/Peripherals/gpio.h:123:13:void gpio_resetPin(GPIOStruct*, GPIO_Pin)	16	static
F:/CodeSpaces/STM32Space/Spectrogram/CM7/Inc/Peripherals/spi.h:122:5:SPI_MasterCFG::SPI_MasterCFG()	16	static
F:/CodeSpaces/STM32Space/Spectrogram/CM7/Inc/Peripherals/dma.h:192:5:DMA_StreamCfg_PeripheralAndMemory::DMA_StreamCfg_PeripheralAndMemory()	16	static
F:/CodeSpaces/STM32Space/Spectrogram/CM7/Inc/Peripherals/dma.h:208:2:DMA_StreamCfg_MemToPer::DMA_StreamCfg_MemToPer()	16	static
F:/CodeSpaces/STM32Space/Spectrogram/CM7/Inc/Peripherals/dmamux.h:97:5:DMAMUX1_ChannelCfg::DMAMUX1_ChannelCfg()	16	static
../Inc/st7789v3.cpp:24:7:void SPI3_IRQHandler()	8	static
../Inc/st7789v3.cpp:33:6:void st7789v3::initPeripherals()	184	static
../Inc/st7789v3.cpp:107:6:void st7789v3::setDCLine()	16	static
../Inc/st7789v3.cpp:112:6:void st7789v3::resetDCLine()	16	static
../Inc/st7789v3.cpp:117:6:void st7789v3::setRstPin()	16	static
../Inc/st7789v3.cpp:122:6:void st7789v3::resetRstPin()	16	static
../Inc/st7789v3.cpp:126:6:void st7789v3::enableBacklight()	16	static
../Inc/st7789v3.cpp:130:6:void st7789v3::disableBacklight()	16	static
../Inc/st7789v3.cpp:134:6:void st7789v3::sendCommand(commands, bool)	32	static
../Inc/st7789v3.cpp:160:6:void st7789v3::sendData(uint8_t*, uint32_t, bool)	24	static
../Inc/st7789v3.cpp:184:6:void st7789v3::waitTxComplete()	16	static
